Release 14.7 - xst P.20131013 (nt64)
Copyright (c) 1995-2013 Xilinx, Inc.  All rights reserved.
--> Parameter TMPDIR set to xst/projnav.tmp


Total REAL time to Xst completion: 0.00 secs
Total CPU time to Xst completion: 0.09 secs
 
--> Parameter xsthdpdir set to xst


Total REAL time to Xst completion: 0.00 secs
Total CPU time to Xst completion: 0.09 secs
 
--> Reading design: output_buffer.prj

TABLE OF CONTENTS
  1) Synthesis Options Summary
  2) HDL Parsing
  3) HDL Elaboration
  4) HDL Synthesis
       4.1) HDL Synthesis Report
  5) Advanced HDL Synthesis
       5.1) Advanced HDL Synthesis Report
  6) Low Level Synthesis
  7) Partition Report
  8) Design Summary
       8.1) Primitive and Black Box Usage
       8.2) Device utilization summary
       8.3) Partition Resource Summary
       8.4) Timing Report
            8.4.1) Clock Information
            8.4.2) Asynchronous Control Signals Information
            8.4.3) Timing Summary
            8.4.4) Timing Details
            8.4.5) Cross Clock Domains Report


=========================================================================
*                      Synthesis Options Summary                        *
=========================================================================
---- Source Parameters
Input File Name                    : "output_buffer.prj"
Ignore Synthesis Constraint File   : NO

---- Target Parameters
Output File Name                   : "output_buffer"
Output Format                      : NGC
Target Device                      : xc7a100t-3-csg324

---- Source Options
Top Module Name                    : output_buffer
Automatic FSM Extraction           : YES
FSM Encoding Algorithm             : Auto
Safe Implementation                : No
FSM Style                          : LUT
RAM Extraction                     : Yes
RAM Style                          : Auto
ROM Extraction                     : Yes
Shift Register Extraction          : YES
ROM Style                          : Auto
Resource Sharing                   : YES
Asynchronous To Synchronous        : NO
Shift Register Minimum Size        : 2
Use DSP Block                      : Auto
Automatic Register Balancing       : No

---- Target Options
LUT Combining                      : Auto
Reduce Control Sets                : Auto
Add IO Buffers                     : YES
Global Maximum Fanout              : 100000
Add Generic Clock Buffer(BUFG)     : 32
Register Duplication               : YES
Optimize Instantiated Primitives   : NO
Use Clock Enable                   : Auto
Use Synchronous Set                : Auto
Use Synchronous Reset              : Auto
Pack IO Registers into IOBs        : Auto
Equivalent register Removal        : YES

---- General Options
Optimization Goal                  : Speed
Optimization Effort                : 1
Power Reduction                    : NO
Keep Hierarchy                     : No
Netlist Hierarchy                  : As_Optimized
RTL Output                         : Yes
Global Optimization                : AllClockNets
Read Cores                         : YES
Write Timing Constraints           : NO
Cross Clock Analysis               : NO
Hierarchy Separator                : /
Bus Delimiter                      : <>
Case Specifier                     : Maintain
Slice Utilization Ratio            : 100
BRAM Utilization Ratio             : 100
DSP48 Utilization Ratio            : 100
Auto BRAM Packing                  : NO
Slice Utilization Ratio Delta      : 5

=========================================================================


=========================================================================
*                          HDL Parsing                                  *
=========================================================================
Analyzing Verilog file "C:\Users\Professional\Desktop\XilinxVerilogAsicSha256\Asic2\Asic\output_buffer.v" into library work
Parsing module <output_buffer>.

=========================================================================
*                            HDL Elaboration                            *
=========================================================================

Elaborating module <output_buffer>.

=========================================================================
*                           HDL Synthesis                               *
=========================================================================

Synthesizing Unit <output_buffer>.
    Related source file is "C:\Users\Professional\Desktop\XilinxVerilogAsicSha256\Asic2\Asic\output_buffer.v".
    Found 32-bit register for signal <reg_B>.
    Found 32-bit register for signal <reg_C>.
    Found 32-bit register for signal <reg_D>.
    Found 32-bit register for signal <reg_E>.
    Found 32-bit register for signal <reg_F>.
    Found 32-bit register for signal <reg_G>.
    Found 32-bit register for signal <reg_H>.
    Found 32-bit register for signal <out_var>.
    Found 32-bit register for signal <reg_A>.
    Summary:
	inferred 288 D-type flip-flop(s).
Unit <output_buffer> synthesized.

=========================================================================
HDL Synthesis Report

Macro Statistics
# Registers                                            : 9
 32-bit register                                       : 9

=========================================================================

=========================================================================
*                       Advanced HDL Synthesis                          *
=========================================================================


=========================================================================
Advanced HDL Synthesis Report

Macro Statistics
# Registers                                            : 288
 Flip-Flops                                            : 288

=========================================================================

=========================================================================
*                         Low Level Synthesis                           *
=========================================================================

Optimizing unit <output_buffer> ...

Mapping all equations...
Building and optimizing final netlist ...
Found area constraint ratio of 100 (+ 5) on block output_buffer, actual ratio is 0.

Final Macro Processing ...

=========================================================================
Final Register Report

Macro Statistics
# Registers                                            : 288
 Flip-Flops                                            : 288

=========================================================================

=========================================================================
*                           Partition Report                            *
=========================================================================

Partition Implementation Status
-------------------------------

  No Partitions were found in this design.

-------------------------------

=========================================================================
*                            Design Summary                             *
=========================================================================

Top Level Output File Name         : output_buffer.ngc

Primitive and Black Box Usage:
------------------------------
# BELS                             : 97
#      LUT3                        : 1
#      LUT5                        : 32
#      LUT6                        : 64
# FlipFlops/Latches                : 288
#      FD                          : 32
#      FDE                         : 256
# Clock Buffers                    : 1
#      BUFGP                       : 1
# IO Buffers                       : 293
#      IBUF                        : 261
#      OBUF                        : 32

Device utilization summary:
---------------------------

Selected Device : 7a100tcsg324-3 


Slice Logic Utilization: 
 Number of Slice Registers:             288  out of  126800     0%  
 Number of Slice LUTs:                   97  out of  63400     0%  
    Number used as Logic:                97  out of  63400     0%  

Slice Logic Distribution: 
 Number of LUT Flip Flop pairs used:    353
   Number with an unused Flip Flop:      65  out of    353    18%  
   Number with an unused LUT:           256  out of    353    72%  
   Number of fully used LUT-FF pairs:    32  out of    353     9%  
   Number of unique control sets:         2

IO Utilization: 
 Number of IOs:                         294
 Number of bonded IOBs:                 294  out of    210   140% (*) 

Specific Feature Utilization:
 Number of BUFG/BUFGCTRLs:                1  out of     32     3%  

WARNING:Xst:1336 -  (*) More than 100% of Device resources are used

---------------------------
Partition Resource Summary:
---------------------------

  No Partitions were found in this design.

---------------------------


=========================================================================
Timing Report

NOTE: THESE TIMING NUMBERS ARE ONLY A SYNTHESIS ESTIMATE.
      FOR ACCURATE TIMING INFORMATION PLEASE REFER TO THE TRACE REPORT
      GENERATED AFTER PLACE-and-ROUTE.

Clock Information:
------------------
-----------------------------------+------------------------+-------+
Clock Signal                       | Clock buffer(FF name)  | Load  |
-----------------------------------+------------------------+-------+
clk                                | BUFGP                  | 288   |
-----------------------------------+------------------------+-------+

Asynchronous Control Signals Information:
----------------------------------------
No asynchronous control signals found in this design

Timing Summary:
---------------
Speed Grade: -3

   Minimum period: 1.454ns (Maximum Frequency: 687.947MHz)
   Minimum input arrival time before clock: 1.626ns
   Maximum output required time after clock: 0.640ns
   Maximum combinational path delay: No path found

Timing Details:
---------------
All values displayed in nanoseconds (ns)

=========================================================================
Timing constraint: Default period analysis for Clock 'clk'
  Clock period: 1.454ns (frequency: 687.947MHz)
  Total number of paths / destination ports: 256 / 32
-------------------------------------------------------------------------
Delay:               1.454ns (Levels of Logic = 2)
  Source:            reg_B_0 (FF)
  Destination:       out_var_0 (FF)
  Source Clock:      clk rising
  Destination Clock: clk rising

  Data Path: reg_B_0 to out_var_0
                                Gate     Net
    Cell:in->out      fanout   Delay   Delay  Logical Name (Net Name)
    ----------------------------------------  ------------
     FDE:C->Q              1   0.361   0.511  reg_B_0 (reg_B_0)
     LUT5:I2->O            1   0.097   0.379  addr[3]_reg_A[31]_select_18_OUT<0>2 (addr[3]_reg_A[31]_select_18_OUT<0>2)
     LUT6:I4->O            1   0.097   0.000  addr[3]_reg_A[31]_select_18_OUT<0>4 (addr[3]_reg_A[31]_select_18_OUT<0>)
     FD:D                      0.008          out_var_0
    ----------------------------------------
    Total                      1.454ns (0.563ns logic, 0.891ns route)
                                       (38.7% logic, 61.3% route)

=========================================================================
Timing constraint: Default OFFSET IN BEFORE for Clock 'clk'
  Total number of paths / destination ports: 800 / 544
-------------------------------------------------------------------------
Offset:              1.626ns (Levels of Logic = 3)
  Source:            addr<1> (PAD)
  Destination:       out_var_0 (FF)
  Destination Clock: clk rising

  Data Path: addr<1> to out_var_0
                                Gate     Net
    Cell:in->out      fanout   Delay   Delay  Logical Name (Net Name)
    ----------------------------------------  ------------
     IBUF:I->O            65   0.001   0.623  addr_1_IBUF (addr_1_IBUF)
     LUT3:I0->O           32   0.097   0.800  addr[3]_reg_A[31]_select_18_OUT<0>3 (addr[3]_reg_A[31]_select_18_OUT<0>3)
     LUT6:I0->O            1   0.097   0.000  addr[3]_reg_A[31]_select_18_OUT<0>4 (addr[3]_reg_A[31]_select_18_OUT<0>)
     FD:D                      0.008          out_var_0
    ----------------------------------------
    Total                      1.626ns (0.203ns logic, 1.423ns route)
                                       (12.5% logic, 87.5% route)

=========================================================================
Timing constraint: Default OFFSET OUT AFTER for Clock 'clk'
  Total number of paths / destination ports: 32 / 32
-------------------------------------------------------------------------
Offset:              0.640ns (Levels of Logic = 1)
  Source:            out_var_31 (FF)
  Destination:       out_var<31> (PAD)
  Source Clock:      clk rising

  Data Path: out_var_31 to out_var<31>
                                Gate     Net
    Cell:in->out      fanout   Delay   Delay  Logical Name (Net Name)
    ----------------------------------------  ------------
     FD:C->Q               1   0.361   0.279  out_var_31 (out_var_31)
     OBUF:I->O                 0.000          out_var_31_OBUF (out_var<31>)
    ----------------------------------------
    Total                      0.640ns (0.361ns logic, 0.279ns route)
                                       (56.4% logic, 43.6% route)

=========================================================================

Cross Clock Domains Report:
--------------------------

Clock to Setup on destination clock clk
---------------+---------+---------+---------+---------+
               | Src:Rise| Src:Fall| Src:Rise| Src:Fall|
Source Clock   |Dest:Rise|Dest:Rise|Dest:Fall|Dest:Fall|
---------------+---------+---------+---------+---------+
clk            |    1.454|         |         |         |
---------------+---------+---------+---------+---------+

=========================================================================


Total REAL time to Xst completion: 10.00 secs
Total CPU time to Xst completion: 9.91 secs
 
--> 

Total memory usage is 4617376 kilobytes

Number of errors   :    0 (   0 filtered)
Number of warnings :    1 (   0 filtered)
Number of infos    :    0 (   0 filtered)

